Requires-Dist: certifi>=2023.7.22
Requires-Dist: requests>=2.28.1
Requires-Dist: charset_normalizer>=2.1.1
Requires-Dist: idna>=3.4
Requires-Dist: urllib3>=1.26.13
